Archive member included because of file (symbol)

C:\CSR_uEnergy_SDK-2.2.2.13\tools\lib\CSR101x_A05\libgatt_lib_ram.a(ls_app_if_ram.o)
                              depend_Debug_CSR101x_A05\app_gatt.o (LsReadTransmitPowerLevel)
C:\CSR_uEnergy_SDK-2.2.2.13\tools\lib\CSR101x_A05\libgatt_lib_ram.a(gatt_ram.o)
                              depend_Debug_CSR101x_A05\app_main.o (GattInit)
C:\CSR_uEnergy_SDK-2.2.2.13\tools\lib\CSR101x_A05\libgatt_lib_ram.a(sm_ram.o)
                              C:\CSR_uEnergy_SDK-2.2.2.13\tools\lib\CSR101x_A05\libgatt_lib_ram.a(gatt_ram.o) (___libgatt_lib_db_476)
C:\CSR_uEnergy_SDK-2.2.2.13\tools\lib\CSR101x_A05\libgatt_lib_ram.a(patch_sm.o)
                              C:\CSR_uEnergy_SDK-2.2.2.13\tools\lib\CSR101x_A05\libgatt_lib_ram.a(sm_ram.o) (sm_pairing_auth_ind)
C:\CSR_uEnergy_SDK-2.2.2.13\tools\lib\CSR101x_A05\libgatt_lib_ram.a(patch_halradiotrim.o)
                              C:\CSR_uEnergy_SDK-2.2.2.13\tools\lib\CSR101x_A05\libgatt_lib_ram.a(ls_app_if_ram.o) (___libgatt_lib_db_4602)
C:\CSR_uEnergy_SDK-2.2.2.13\tools\lib\CSR101x_A05\libgatt_lib_ram.a(main_ram.o)
                              (main_ram_app_init)
C:\CSR_uEnergy_SDK-2.2.2.13\tools\lib\CSR101x_A05\libgatt_lib_ram.a(hw_patch_install.o)
                              C:\CSR_uEnergy_SDK-2.2.2.13\tools\lib\CSR101x_A05\libgatt_lib_ram.a(main_ram.o) (___libgatt_lib_db_4364)
C:\CSR_uEnergy_SDK-2.2.2.13\tools\lib\CSR101x_A05\libgatt_lib_ram.a(patch_baldrick.o)
                              (hw_patch)
C:\CSR_uEnergy_SDK-2.2.2.13\tools\lib\CSR101x_A05\libgatt_lib_ram.a(id_ram.o)
                              C:\CSR_uEnergy_SDK-2.2.2.13\tools\lib\CSR101x_A05\libgatt_lib_ram.a(main_ram.o) (___libgatt_lib_db_4496)
C:\CSR_uEnergy_SDK-2.2.2.13\tools\lib\CSR101x_A05\libgatt_lib_ram.a(slut.o)
                              (slut)
C:\CSR_uEnergy_SDK-2.2.2.13\tools\lib\CSR101x_A05\libgatt_lib_ram.a(sw_patch_ram.o)
                              (patch_bitmap)
C:\CSR_uEnergy_SDK-2.2.2.13\tools\lib\CSR101x_A05\libgatt_lib_ram.a(CONFIG_STORE.o)
                              (___libgatt_lib_db_4269)
C:\CSR_uEnergy_SDK-2.2.2.13\tools\lib\CSR101x_A05\libgatt_lib_ram.a(.romradiodata.o)
                              (DATA_TIMERSTRUCT_START)
C:\CSR_uEnergy_SDK-2.2.2.13\tools\lib\CSR101x_A05\libgatt_lib_ram.a(patch_ls_app_if.o)
                              C:\CSR_uEnergy_SDK-2.2.2.13\tools\lib\CSR101x_A05\libgatt_lib_ram.a(gatt_ram.o) (___libgatt_lib_db_4554)
C:\CSR_uEnergy_SDK-2.2.2.13\tools\lib\CSR101x_A05\libgatt_lib_ram.a(patch_att_install.o)
                              C:\CSR_uEnergy_SDK-2.2.2.13\tools\lib\CSR101x_A05\libgatt_lib_ram.a(sw_patch_ram.o) (___libgatt_lib_db_4559)
C:\CSR_uEnergy_SDK-2.2.2.13\tools\lib\CSR101x_A05\libgatt_lib_ram.a(patch_george.o)
                              C:\CSR_uEnergy_SDK-2.2.2.13\tools\lib\CSR101x_A05\libgatt_lib_ram.a(sw_patch_ram.o) (___libgatt_lib_db_4584)
C:\CSR_uEnergy_SDK-2.2.2.13\tools\lib\CSR101x_A05\libgatt_lib_ram.a(patch_george_ll.o)
                              C:\CSR_uEnergy_SDK-2.2.2.13\tools\lib\CSR101x_A05\libgatt_lib_ram.a(patch_george.o) (___libgatt_lib_db_4589)
C:\CSR_uEnergy_SDK-2.2.2.13\tools\lib\CSR101x_A05\libgatt_lib_ram.a(patch_george_adv.o)
                              C:\CSR_uEnergy_SDK-2.2.2.13\tools\lib\CSR101x_A05\libgatt_lib_ram.a(sw_patch_ram.o) (___libgatt_lib_db_4594)
C:\CSR_uEnergy_SDK-2.2.2.13\tools\lib\CSR101x_A05\libgatt_lib_ram.a(hal_debugbus_state.o)
                              C:\CSR_uEnergy_SDK-2.2.2.13\tools\lib\CSR101x_A05\libgatt_lib_ram.a(patch_george.o) (___libgatt_lib_db_4597)
C:\CSR_uEnergy_SDK-2.2.2.13\tools\lib\CSR101x_A05\libgatt_lib_ram.a(patch_halradio.o)
                              C:\CSR_uEnergy_SDK-2.2.2.13\tools\lib\CSR101x_A05\libgatt_lib_ram.a(sw_patch_ram.o) (___libgatt_lib_db_4609)
C:\CSR_uEnergy_SDK-2.2.2.13\tools\lib\CSR101x_A05\libgatt_lib_ram.a(patch_reset.o)
                              C:\CSR_uEnergy_SDK-2.2.2.13\tools\lib\CSR101x_A05\libgatt_lib_ram.a(sw_patch_ram.o) (___libgatt_lib_db_4207)
C:\CSR_uEnergy_SDK-2.2.2.13\tools\lib\CSR101x_A05\libgatt_lib_ram.a(patch_pools.o)
                              C:\CSR_uEnergy_SDK-2.2.2.13\tools\lib\CSR101x_A05\libgatt_lib_ram.a(sw_patch_ram.o) (___libgatt_lib_db_4611)
C:\CSR_uEnergy_SDK-2.2.2.13\tools\lib\CSR101x_A05\libgatt_lib_ram.a(patch_background_loop.o)
                              C:\CSR_uEnergy_SDK-2.2.2.13\tools\lib\CSR101x_A05\libgatt_lib_ram.a(sw_patch_ram.o) (___libgatt_lib_db_4614)
C:\CSR_uEnergy_SDK-2.2.2.13\tools\lib\CSR101x_A05\libgatt_lib_ram.a(patch_fault.o)
                              C:\CSR_uEnergy_SDK-2.2.2.13\tools\lib\CSR101x_A05\libgatt_lib_ram.a(sw_patch_ram.o) (___libgatt_lib_db_4616)
C:\CSR_uEnergy_SDK-2.2.2.13\tools\lib\CSR101x_A05\libgatt_lib_ram.a(patch_pmu.o)
                              C:\CSR_uEnergy_SDK-2.2.2.13\tools\lib\CSR101x_A05\libgatt_lib_ram.a(sw_patch_ram.o) (___libgatt_lib_db_4624)
C:\CSR_uEnergy_SDK-2.2.2.13\tools\lib\CSR101x_A05\libgatt_lib_ram.a(patch_thermometer.o)
                              C:\CSR_uEnergy_SDK-2.2.2.13\tools\lib\CSR101x_A05\libgatt_lib_ram.a(sw_patch_ram.o) (___libgatt_lib_db_4214)

Allocating common symbols
Common symbol       size              file

sm_long_term_key_ind
                    0x1               C:\CSR_uEnergy_SDK-2.2.2.13\tools\lib\CSR101x_A05\libgatt_lib_ram.a(patch_sm.o)
sm_pairing_auth_ind
                    0x1               C:\CSR_uEnergy_SDK-2.2.2.13\tools\lib\CSR101x_A05\libgatt_lib_ram.a(patch_sm.o)
george_earliest_transmit_offset
                    0x3               C:\CSR_uEnergy_SDK-2.2.2.13\tools\lib\CSR101x_A05\libgatt_lib_ram.a(patch_george_ll.o)
g_buzz_data         0x3               depend_Debug_CSR101x_A05\buzzer.o
g_app_data          0xd               depend_Debug_CSR101x_A05\app_main.o

Discarded input sections

 .text          0x00000000        0x0 depend_Debug_CSR101x_A05\app_gatt_db.o
 .data          0x00000000        0x0 depend_Debug_CSR101x_A05\app_gatt_db.o
 .bss           0x00000000        0x0 depend_Debug_CSR101x_A05\app_gatt_db.o
 .text          0x00000000        0x0 depend_Debug_CSR101x_A05\app_hw.o
 .data          0x00000000        0x0 depend_Debug_CSR101x_A05\app_hw.o
 .bss           0x00000000        0x0 depend_Debug_CSR101x_A05\app_hw.o
 .text          0x00000000        0x0 depend_Debug_CSR101x_A05\buzzer.o
 .data          0x00000000        0x0 depend_Debug_CSR101x_A05\buzzer.o
 .bss           0x00000000        0x0 depend_Debug_CSR101x_A05\buzzer.o
 .text          0x00000000        0x0 depend_Debug_CSR101x_A05\gap_service.o
 .data          0x00000000        0x0 depend_Debug_CSR101x_A05\gap_service.o
 .bss           0x00000000        0x0 depend_Debug_CSR101x_A05\gap_service.o
 .text          0x00000000        0x0 depend_Debug_CSR101x_A05\app_main.o
 .data          0x00000000        0x0 depend_Debug_CSR101x_A05\app_main.o
 .bss           0x00000000        0x0 depend_Debug_CSR101x_A05\app_main.o
 .text.GetConnectionID
                0x00000000        0x0 depend_Debug_CSR101x_A05\app_main.o
 .text          0x00000000        0x0 depend_Debug_CSR101x_A05\app_gatt.o
 .data          0x00000000        0x0 depend_Debug_CSR101x_A05\app_gatt.o
 .bss           0x00000000        0x0 depend_Debug_CSR101x_A05\app_gatt.o
 .text          0x00000000        0x0 depend_Debug_CSR101x_A05\hello_service.o
 .data          0x00000000        0x0 depend_Debug_CSR101x_A05\hello_service.o
 .bss           0x00000000        0x0 depend_Debug_CSR101x_A05\hello_service.o
 .text          0x00000000        0x0 C:\CSR_uEnergy_SDK-2.2.2.13\tools\lib\CSR101x_A05\libgatt_lib_ram.a(ls_app_if_ram.o)
 .data          0x00000000        0x0 C:\CSR_uEnergy_SDK-2.2.2.13\tools\lib\CSR101x_A05\libgatt_lib_ram.a(ls_app_if_ram.o)
 .bss           0x00000000        0x0 C:\CSR_uEnergy_SDK-2.2.2.13\tools\lib\CSR101x_A05\libgatt_lib_ram.a(ls_app_if_ram.o)
 .text.LsSetTransmitPowerLevel
                0x00000000        0x0 C:\CSR_uEnergy_SDK-2.2.2.13\tools\lib\CSR101x_A05\libgatt_lib_ram.a(ls_app_if_ram.o)
 .text          0x00000000        0x0 C:\CSR_uEnergy_SDK-2.2.2.13\tools\lib\CSR101x_A05\libgatt_lib_ram.a(gatt_ram.o)
 .data          0x00000000        0x0 C:\CSR_uEnergy_SDK-2.2.2.13\tools\lib\CSR101x_A05\libgatt_lib_ram.a(gatt_ram.o)
 .bss           0x00000000        0x0 C:\CSR_uEnergy_SDK-2.2.2.13\tools\lib\CSR101x_A05\libgatt_lib_ram.a(gatt_ram.o)
 .data          0x00000000        0x0 C:\CSR_uEnergy_SDK-2.2.2.13\tools\lib\CSR101x_A05\libgatt_lib_ram.a(sm_ram.o)
 .bss           0x00000000        0x0 C:\CSR_uEnergy_SDK-2.2.2.13\tools\lib\CSR101x_A05\libgatt_lib_ram.a(sm_ram.o)
 .data          0x00000000        0x0 C:\CSR_uEnergy_SDK-2.2.2.13\tools\lib\CSR101x_A05\libgatt_lib_ram.a(patch_sm.o)
 .text          0x00000000        0x0 C:\CSR_uEnergy_SDK-2.2.2.13\tools\lib\CSR101x_A05\libgatt_lib_ram.a(patch_halradiotrim.o)
 .data          0x00000000        0x0 C:\CSR_uEnergy_SDK-2.2.2.13\tools\lib\CSR101x_A05\libgatt_lib_ram.a(patch_halradiotrim.o)
 .bss           0x00000000        0x0 C:\CSR_uEnergy_SDK-2.2.2.13\tools\lib\CSR101x_A05\libgatt_lib_ram.a(patch_halradiotrim.o)
 .text.___libgatt_lib_db_4016
                0x00000000        0x0 C:\CSR_uEnergy_SDK-2.2.2.13\tools\lib\CSR101x_A05\libgatt_lib_ram.a(patch_halradiotrim.o)
 .text.___libgatt_lib_db_4600
                0x00000000        0x0 C:\CSR_uEnergy_SDK-2.2.2.13\tools\lib\CSR101x_A05\libgatt_lib_ram.a(patch_halradiotrim.o)
 .text          0x00000000        0x0 C:\CSR_uEnergy_SDK-2.2.2.13\tools\lib\CSR101x_A05\libgatt_lib_ram.a(main_ram.o)
 .data          0x00000000        0x0 C:\CSR_uEnergy_SDK-2.2.2.13\tools\lib\CSR101x_A05\libgatt_lib_ram.a(main_ram.o)
 .bss           0x00000000        0x0 C:\CSR_uEnergy_SDK-2.2.2.13\tools\lib\CSR101x_A05\libgatt_lib_ram.a(main_ram.o)
 .text          0x00000000        0x0 C:\CSR_uEnergy_SDK-2.2.2.13\tools\lib\CSR101x_A05\libgatt_lib_ram.a(hw_patch_install.o)
 .data          0x00000000        0x0 C:\CSR_uEnergy_SDK-2.2.2.13\tools\lib\CSR101x_A05\libgatt_lib_ram.a(hw_patch_install.o)
 .bss           0x00000000        0x0 C:\CSR_uEnergy_SDK-2.2.2.13\tools\lib\CSR101x_A05\libgatt_lib_ram.a(hw_patch_install.o)
 .text          0x00000000        0x0 C:\CSR_uEnergy_SDK-2.2.2.13\tools\lib\CSR101x_A05\libgatt_lib_ram.a(patch_baldrick.o)
 .data          0x00000000        0x0 C:\CSR_uEnergy_SDK-2.2.2.13\tools\lib\CSR101x_A05\libgatt_lib_ram.a(patch_baldrick.o)
 .bss           0x00000000        0x0 C:\CSR_uEnergy_SDK-2.2.2.13\tools\lib\CSR101x_A05\libgatt_lib_ram.a(patch_baldrick.o)
 .text          0x00000000        0x0 C:\CSR_uEnergy_SDK-2.2.2.13\tools\lib\CSR101x_A05\libgatt_lib_ram.a(id_ram.o)
 .data          0x00000000        0x0 C:\CSR_uEnergy_SDK-2.2.2.13\tools\lib\CSR101x_A05\libgatt_lib_ram.a(id_ram.o)
 .bss           0x00000000        0x0 C:\CSR_uEnergy_SDK-2.2.2.13\tools\lib\CSR101x_A05\libgatt_lib_ram.a(id_ram.o)
 .text          0x00000000        0x0 C:\CSR_uEnergy_SDK-2.2.2.13\tools\lib\CSR101x_A05\libgatt_lib_ram.a(slut.o)
 .data          0x00000000        0x0 C:\CSR_uEnergy_SDK-2.2.2.13\tools\lib\CSR101x_A05\libgatt_lib_ram.a(slut.o)
 .bss           0x00000000        0x0 C:\CSR_uEnergy_SDK-2.2.2.13\tools\lib\CSR101x_A05\libgatt_lib_ram.a(slut.o)
 .text          0x00000000        0x0 C:\CSR_uEnergy_SDK-2.2.2.13\tools\lib\CSR101x_A05\libgatt_lib_ram.a(sw_patch_ram.o)
 .data          0x00000000        0x0 C:\CSR_uEnergy_SDK-2.2.2.13\tools\lib\CSR101x_A05\libgatt_lib_ram.a(sw_patch_ram.o)
 .bss           0x00000000        0x0 C:\CSR_uEnergy_SDK-2.2.2.13\tools\lib\CSR101x_A05\libgatt_lib_ram.a(sw_patch_ram.o)
 .text          0x00000000        0x0 C:\CSR_uEnergy_SDK-2.2.2.13\tools\lib\CSR101x_A05\libgatt_lib_ram.a(patch_ls_app_if.o)
 .data          0x00000000        0x0 C:\CSR_uEnergy_SDK-2.2.2.13\tools\lib\CSR101x_A05\libgatt_lib_ram.a(patch_ls_app_if.o)
 .bss           0x00000000        0x0 C:\CSR_uEnergy_SDK-2.2.2.13\tools\lib\CSR101x_A05\libgatt_lib_ram.a(patch_ls_app_if.o)
 .text.LsRxTimingReport
                0x00000000        0x0 C:\CSR_uEnergy_SDK-2.2.2.13\tools\lib\CSR101x_A05\libgatt_lib_ram.a(patch_ls_app_if.o)
 .text.LsHoldTxUntilRx
                0x00000000        0x0 C:\CSR_uEnergy_SDK-2.2.2.13\tools\lib\CSR101x_A05\libgatt_lib_ram.a(patch_ls_app_if.o)
 .text.LsRadioEventNotification
                0x00000000        0x0 C:\CSR_uEnergy_SDK-2.2.2.13\tools\lib\CSR101x_A05\libgatt_lib_ram.a(patch_ls_app_if.o)
 .text          0x00000000        0x0 C:\CSR_uEnergy_SDK-2.2.2.13\tools\lib\CSR101x_A05\libgatt_lib_ram.a(patch_att_install.o)
 .data          0x00000000        0x0 C:\CSR_uEnergy_SDK-2.2.2.13\tools\lib\CSR101x_A05\libgatt_lib_ram.a(patch_att_install.o)
 .bss           0x00000000        0x0 C:\CSR_uEnergy_SDK-2.2.2.13\tools\lib\CSR101x_A05\libgatt_lib_ram.a(patch_att_install.o)
 .text          0x00000000        0x0 C:\CSR_uEnergy_SDK-2.2.2.13\tools\lib\CSR101x_A05\libgatt_lib_ram.a(patch_george.o)
 .data          0x00000000        0x0 C:\CSR_uEnergy_SDK-2.2.2.13\tools\lib\CSR101x_A05\libgatt_lib_ram.a(patch_george.o)
 .bss           0x00000000        0x0 C:\CSR_uEnergy_SDK-2.2.2.13\tools\lib\CSR101x_A05\libgatt_lib_ram.a(patch_george.o)
 .text.___libgatt_lib_db_4582
                0x00000000        0x0 C:\CSR_uEnergy_SDK-2.2.2.13\tools\lib\CSR101x_A05\libgatt_lib_ram.a(patch_george.o)
 .text.___libgatt_lib_db_4583
                0x00000000        0x0 C:\CSR_uEnergy_SDK-2.2.2.13\tools\lib\CSR101x_A05\libgatt_lib_ram.a(patch_george.o)
 .text          0x00000000        0x0 C:\CSR_uEnergy_SDK-2.2.2.13\tools\lib\CSR101x_A05\libgatt_lib_ram.a(patch_george_ll.o)
 .data          0x00000000        0x0 C:\CSR_uEnergy_SDK-2.2.2.13\tools\lib\CSR101x_A05\libgatt_lib_ram.a(patch_george_ll.o)
 .bss           0x00000000        0x0 C:\CSR_uEnergy_SDK-2.2.2.13\tools\lib\CSR101x_A05\libgatt_lib_ram.a(patch_george_ll.o)
 .text          0x00000000        0x0 C:\CSR_uEnergy_SDK-2.2.2.13\tools\lib\CSR101x_A05\libgatt_lib_ram.a(patch_george_adv.o)
 .data          0x00000000        0x0 C:\CSR_uEnergy_SDK-2.2.2.13\tools\lib\CSR101x_A05\libgatt_lib_ram.a(patch_george_adv.o)
 .bss           0x00000000        0x0 C:\CSR_uEnergy_SDK-2.2.2.13\tools\lib\CSR101x_A05\libgatt_lib_ram.a(patch_george_adv.o)
 .text          0x00000000        0x0 C:\CSR_uEnergy_SDK-2.2.2.13\tools\lib\CSR101x_A05\libgatt_lib_ram.a(hal_debugbus_state.o)
 .data          0x00000000        0x0 C:\CSR_uEnergy_SDK-2.2.2.13\tools\lib\CSR101x_A05\libgatt_lib_ram.a(hal_debugbus_state.o)
 .bss           0x00000000        0x0 C:\CSR_uEnergy_SDK-2.2.2.13\tools\lib\CSR101x_A05\libgatt_lib_ram.a(hal_debugbus_state.o)
 .text          0x00000000        0x0 C:\CSR_uEnergy_SDK-2.2.2.13\tools\lib\CSR101x_A05\libgatt_lib_ram.a(patch_halradio.o)
 .data          0x00000000        0x0 C:\CSR_uEnergy_SDK-2.2.2.13\tools\lib\CSR101x_A05\libgatt_lib_ram.a(patch_halradio.o)
 .bss           0x00000000        0x0 C:\CSR_uEnergy_SDK-2.2.2.13\tools\lib\CSR101x_A05\libgatt_lib_ram.a(patch_halradio.o)
 .text          0x00000000        0x0 C:\CSR_uEnergy_SDK-2.2.2.13\tools\lib\CSR101x_A05\libgatt_lib_ram.a(patch_reset.o)
 .data          0x00000000        0x0 C:\CSR_uEnergy_SDK-2.2.2.13\tools\lib\CSR101x_A05\libgatt_lib_ram.a(patch_reset.o)
 .bss           0x00000000        0x0 C:\CSR_uEnergy_SDK-2.2.2.13\tools\lib\CSR101x_A05\libgatt_lib_ram.a(patch_reset.o)
 .text          0x00000000        0x0 C:\CSR_uEnergy_SDK-2.2.2.13\tools\lib\CSR101x_A05\libgatt_lib_ram.a(patch_pools.o)
 .data          0x00000000        0x0 C:\CSR_uEnergy_SDK-2.2.2.13\tools\lib\CSR101x_A05\libgatt_lib_ram.a(patch_pools.o)
 .bss           0x00000000        0x0 C:\CSR_uEnergy_SDK-2.2.2.13\tools\lib\CSR101x_A05\libgatt_lib_ram.a(patch_pools.o)
 .text          0x00000000        0x0 C:\CSR_uEnergy_SDK-2.2.2.13\tools\lib\CSR101x_A05\libgatt_lib_ram.a(patch_background_loop.o)
 .data          0x00000000        0x0 C:\CSR_uEnergy_SDK-2.2.2.13\tools\lib\CSR101x_A05\libgatt_lib_ram.a(patch_background_loop.o)
 .bss           0x00000000        0x0 C:\CSR_uEnergy_SDK-2.2.2.13\tools\lib\CSR101x_A05\libgatt_lib_ram.a(patch_background_loop.o)
 .text          0x00000000        0x0 C:\CSR_uEnergy_SDK-2.2.2.13\tools\lib\CSR101x_A05\libgatt_lib_ram.a(patch_fault.o)
 .data          0x00000000        0x0 C:\CSR_uEnergy_SDK-2.2.2.13\tools\lib\CSR101x_A05\libgatt_lib_ram.a(patch_fault.o)
 .bss           0x00000000        0x0 C:\CSR_uEnergy_SDK-2.2.2.13\tools\lib\CSR101x_A05\libgatt_lib_ram.a(patch_fault.o)
 .text.PanicReadFwFault
                0x00000000        0x0 C:\CSR_uEnergy_SDK-2.2.2.13\tools\lib\CSR101x_A05\libgatt_lib_ram.a(patch_fault.o)
 .text.PanicClearFwFault
                0x00000000        0x0 C:\CSR_uEnergy_SDK-2.2.2.13\tools\lib\CSR101x_A05\libgatt_lib_ram.a(patch_fault.o)
 .bss.__PATCH__ZERO_
                0x00000000        0x0 C:\CSR_uEnergy_SDK-2.2.2.13\tools\lib\CSR101x_A05\libgatt_lib_ram.a(patch_fault.o)
 .text          0x00000000        0x0 C:\CSR_uEnergy_SDK-2.2.2.13\tools\lib\CSR101x_A05\libgatt_lib_ram.a(patch_pmu.o)
 .data          0x00000000        0x0 C:\CSR_uEnergy_SDK-2.2.2.13\tools\lib\CSR101x_A05\libgatt_lib_ram.a(patch_pmu.o)
 .bss           0x00000000        0x0 C:\CSR_uEnergy_SDK-2.2.2.13\tools\lib\CSR101x_A05\libgatt_lib_ram.a(patch_pmu.o)
 .text          0x00000000        0x0 C:\CSR_uEnergy_SDK-2.2.2.13\tools\lib\CSR101x_A05\libgatt_lib_ram.a(patch_thermometer.o)
 .data          0x00000000        0x0 C:\CSR_uEnergy_SDK-2.2.2.13\tools\lib\CSR101x_A05\libgatt_lib_ram.a(patch_thermometer.o)
 .bss           0x00000000        0x0 C:\CSR_uEnergy_SDK-2.2.2.13\tools\lib\CSR101x_A05\libgatt_lib_ram.a(patch_thermometer.o)

Memory Configuration

Name             Origin             Length             Attributes
*default*        0x00000000         0xffffffff

Linker script and memory map

LOAD depend_Debug_CSR101x_A05\app_gatt_db.o
LOAD depend_Debug_CSR101x_A05\app_hw.o
LOAD depend_Debug_CSR101x_A05\buzzer.o
LOAD depend_Debug_CSR101x_A05\gap_service.o
LOAD depend_Debug_CSR101x_A05\app_main.o
LOAD depend_Debug_CSR101x_A05\app_gatt.o
LOAD depend_Debug_CSR101x_A05\hello_service.o
LOAD C:\CSR_uEnergy_SDK-2.2.2.13\tools\lib\CSR101x_A05\libgatt_lib_ram.a
LOAD C:\CSR_uEnergy_SDK-2.2.2.13\tools\lib\CSR101x_A05\rom_img.elf
                0x00000000                PROG_RAM_START = 0x0
                0x00008000                PROG_RAM_SIZE = 0x8000
                0x00008000                PROG_ROM_START = 0x8000
                0x00008000                PROG_ROM_SIZE = 0x8000
                0x00002000                DATA_RAM_START = 0x2000
                0x00008000                DATA_RAM_SIZE = 0x8000
                0x000001b0                RADIOBUFS_SIZE = 0x1b0
                0x00000020                WHITELIST_SIZE = 0x20
                0x00000164                RADIODATA_SIZE = 0x164
                0x00000200                USTACK_SIZE = 0x200
                0x00000100                ISTACK_SIZE = 0x100
                0x00009f84                DATA_CSTORE_START = 0x9f84
                0x00000058                CSTORE_SIZE = 0x58
                0x00000004                SLT_SIZE = 0x4
                0x00000020                PRESERVE_SIZE = 0x20
                0x0000a000                DATA_RAM_END = 0xa000
                0x0000a000                DATA_ROM_START = 0xa000
                0x00004000                DATA_ROM_SIZE = 0x4000
                0x0000ef80                DATA_PERSIST_START = 0xef80
                0x00000080                DATA_PERSIST_SIZE = 0x80
                0x00009360                DATA_ROMDATA_START = 0x9360
                0x00000000                PROG_APPCODE_START = 0x0
                0x00006c00                PROG_APPCODE_END = 0x6c00
                0x00008c40                DATA_APPDATA_START = 0x8c40
                0x00008f00                DATA_APPDATA_END = 0x8f00
                0x80000000                $CODE$ = 0x80000000
                0x00000000                $DATA$ = 0x0
                0x0000ffe0                PROVIDE ($XAP_AH, 0xffe0)
                0x0000ffe1                PROVIDE ($XAP_AL, 0xffe1)
                0x0000ffe2                PROVIDE ($XAP_UXH, 0xffe2)
                0x0000ffe3                PROVIDE ($XAP_UXL, 0xffe3)
                0x0000ffe4                PROVIDE ($XAP_UY, 0xffe4)
                0x0000ffe5                PROVIDE ($XAP_IXH, 0xffe5)
                0x0000ffe6                PROVIDE ($XAP_IXL, 0xffe6)
                0x0000ffe7                PROVIDE ($XAP_IY, 0xffe7)
                0x00000008                . = 0x8

.app_ram_init   0x00000008        0x1
 *(RAM_APP_INIT)
 RAM_APP_INIT   0x00000008        0x1 C:\CSR_uEnergy_SDK-2.2.2.13\tools\lib\CSR101x_A05\libgatt_lib_ram.a(main_ram.o)
                0x00000008                main_ram_app_init

.fw_patch_bitmap
                0x00000009        0x6
 *(FW_PATCH_BITMAP)
 FW_PATCH_BITMAP
                0x00000009        0x6 C:\CSR_uEnergy_SDK-2.2.2.13\tools\lib\CSR101x_A05\libgatt_lib_ram.a(sw_patch_ram.o)
                0x00000009                patch_bitmap

.fw_patch_table
                0x0000000f        0x1
 *(FW_PATCH_TABLE)
 FW_PATCH_TABLE
                0x0000000f        0x1 C:\CSR_uEnergy_SDK-2.2.2.13\tools\lib\CSR101x_A05\libgatt_lib_ram.a(sw_patch_ram.o)
                0x0000000f                patch_table
                0x00000010                PROG_APPCODE_START = .

.text           0x00000010     0x1117 load address 0x80000010
 *xap2crt0.o(.text)
 *xap2crt0.o(.text.*)
                0x00000010                PROG_PATCH_ADDRESS = .
 *(.hw_patch)
 .hw_patch      0x00000010      0x156 C:\CSR_uEnergy_SDK-2.2.2.13\tools\lib\CSR101x_A05\libgatt_lib_ram.a(patch_baldrick.o)
                0x00000010                hw_patch
 *(.text)
 .text          0x00000166       0x3c C:\CSR_uEnergy_SDK-2.2.2.13\tools\lib\CSR101x_A05\libgatt_lib_ram.a(sm_ram.o)
                0x00000194                SMDistributeMasterLtk
                0x00000166                ___libgatt_lib_db_476
                0x00000176                SMFeaturesReq
 .text          0x000001a2      0x168 C:\CSR_uEnergy_SDK-2.2.2.13\tools\lib\CSR101x_A05\libgatt_lib_ram.a(patch_sm.o)
                0x000002bb                ___libgatt_lib_db_4570
                0x0000025d                ___libgatt_lib_db_4569
                0x0000020a                ___libgatt_lib_db_4572
                0x000001d7                ___libgatt_lib_db_4571
                0x00000267                ___libgatt_lib_db_4579
                0x000001a2                ___libgatt_lib_db_4568
 *(.text.*)
 .text.GattGetDatabase
                0x0000030a        0x8 depend_Debug_CSR101x_A05\app_gatt_db.o
                0x0000030a                GattGetDatabase
 .text.AppInitHardware
                0x00000312       0x25 depend_Debug_CSR101x_A05\app_hw.o
                0x00000312                AppInitHardware
 .text.HandlePIOChangedEvent
                0x00000337       0x2e depend_Debug_CSR101x_A05\app_hw.o
                0x00000337                HandlePIOChangedEvent
 .text.appBuzzerTimerHandler
                0x00000365       0xa4 depend_Debug_CSR101x_A05\buzzer.o
 .text.BuzzerInitHardware
                0x00000409       0x22 depend_Debug_CSR101x_A05\buzzer.o
                0x00000409                BuzzerInitHardware
 .text.SoundBuzzer
                0x0000042b       0x52 depend_Debug_CSR101x_A05\buzzer.o
                0x0000042b                SoundBuzzer
 .text.GapDataInit
                0x0000047d        0xd depend_Debug_CSR101x_A05\gap_service.o
                0x0000047d                GapDataInit
 .text.GapHandleAccessRead
                0x0000048a       0x38 depend_Debug_CSR101x_A05\gap_service.o
                0x0000048a                GapHandleAccessRead
 .text.GapCheckHandleRange
                0x000004c2        0xe depend_Debug_CSR101x_A05\gap_service.o
                0x000004c2                GapCheckHandleRange
 .text.GapGetNameAndLength
                0x000004d0        0xc depend_Debug_CSR101x_A05\gap_service.o
                0x000004d0                GapGetNameAndLength
 .text.appDataInit
                0x000004dc       0x21 depend_Debug_CSR101x_A05\app_main.o
 .text.appStartConnUpdateTimer
                0x000004fd       0x1f depend_Debug_CSR101x_A05\app_main.o
 .text.requestConnParamUpdate
                0x0000051c       0x2a depend_Debug_CSR101x_A05\app_main.o
 .text.appExitAdvertising
                0x00000546        0xa depend_Debug_CSR101x_A05\app_main.o
 .text.appAdvertTimerHandler
                0x00000550        0xc depend_Debug_CSR101x_A05\app_main.o
 .text.handleSignalGattAddDbCfm
                0x0000055c       0x16 depend_Debug_CSR101x_A05\app_main.o
 .text.handleSignalLmEvConnectionComplete
                0x00000572        0xf depend_Debug_CSR101x_A05\app_main.o
 .text.handleSignalGattCancelConnectCfm
                0x00000581        0xd depend_Debug_CSR101x_A05\app_main.o
 .text.handleSignalGattConnectCfm
                0x0000058e       0x25 depend_Debug_CSR101x_A05\app_main.o
 .text.handleSignalLsConnParamUpdateCfm
                0x000005b3       0x25 depend_Debug_CSR101x_A05\app_main.o
 .text.handleSignalLsConnParamUpdateInd
                0x000005d8       0x20 depend_Debug_CSR101x_A05\app_main.o
 .text.handleSignalGattAccessInd
                0x000005f8       0x2c depend_Debug_CSR101x_A05\app_main.o
 .text.handleSignalLmDisconnectComplete
                0x00000624       0x20 depend_Debug_CSR101x_A05\app_main.o
 .text.ReportPanic
                0x00000644        0x7 depend_Debug_CSR101x_A05\app_main.o
                0x00000644                ReportPanic
 .text.AppHandleShortButtonPress
                0x0000064b       0x14 depend_Debug_CSR101x_A05\app_main.o
                0x0000064b                AppHandleShortButtonPress
 .text.AppSetState
                0x0000065f       0x3e depend_Debug_CSR101x_A05\app_main.o
                0x0000065f                AppSetState
 .text.AppGetState
                0x0000069d        0x3 depend_Debug_CSR101x_A05\app_main.o
                0x0000069d                AppGetState
 .text.AppStartAdvertTimer
                0x000006a0       0x19 depend_Debug_CSR101x_A05\app_main.o
                0x000006a0                AppStartAdvertTimer
 .text.AppPowerOnReset
                0x000006b9        0x1 depend_Debug_CSR101x_A05\app_main.o
                0x000006b9                AppPowerOnReset
 .text.AppInit  0x000006ba       0x2f depend_Debug_CSR101x_A05\app_main.o
                0x000006ba                AppInit
 .text.AppProcessSystemEvent
                0x000006e9        0xa depend_Debug_CSR101x_A05\app_main.o
                0x000006e9                AppProcessSystemEvent
 .text.AppProcessLmEvent
                0x000006f3       0x52 depend_Debug_CSR101x_A05\app_main.o
                0x000006f3                AppProcessLmEvent
 .text.addDeviceNameToAdvData
                0x00000745       0x5d depend_Debug_CSR101x_A05\app_gatt.o
 .text.gattSetAdvertParams
                0x000007a2       0x9a depend_Debug_CSR101x_A05\app_gatt.o
 .text.HandleAccessRead
                0x0000083c       0x27 depend_Debug_CSR101x_A05\app_gatt.o
                0x0000083c                HandleAccessRead
 .text.HandleAccessWrite
                0x00000863       0x13 depend_Debug_CSR101x_A05\app_gatt.o
                0x00000863                HandleAccessWrite
 .text.GattStartAdverts
                0x00000876       0x11 depend_Debug_CSR101x_A05\app_gatt.o
                0x00000876                GattStartAdverts
 .text.GetSupported128BitUUIDServiceList
                0x00000887       0xa7 depend_Debug_CSR101x_A05\app_gatt.o
                0x00000887                GetSupported128BitUUIDServiceList
 .text.GattStopAdverts
                0x0000092e        0x9 depend_Debug_CSR101x_A05\app_gatt.o
                0x0000092e                GattStopAdverts
 .text.HelloServiceDataInit
                0x00000937        0x5 depend_Debug_CSR101x_A05\hello_service.o
                0x00000937                HelloServiceDataInit
 .text.HelloServiceInitChipReset
                0x0000093c        0x1 depend_Debug_CSR101x_A05\hello_service.o
                0x0000093c                HelloServiceInitChipReset
 .text.HelloServiceHandleAccessRead
                0x0000093d       0x23 depend_Debug_CSR101x_A05\hello_service.o
                0x0000093d                HelloServiceHandleAccessRead
 .text.HelloServiceCheckHandleRange
                0x00000960        0xb depend_Debug_CSR101x_A05\hello_service.o
                0x00000960                HelloServiceCheckHandleRange
 .text.LsReadTransmitPowerLevel
                0x0000096b        0x7 C:\CSR_uEnergy_SDK-2.2.2.13\tools\lib\CSR101x_A05\libgatt_lib_ram.a(ls_app_if_ram.o)
                0x0000096b                LsReadTransmitPowerLevel
 .text.GattInit
                0x00000972       0x22 C:\CSR_uEnergy_SDK-2.2.2.13\tools\lib\CSR101x_A05\libgatt_lib_ram.a(gatt_ram.o)
                0x00000972                GattInit
 .text.___libgatt_lib_db_4602
                0x00000994        0x5 C:\CSR_uEnergy_SDK-2.2.2.13\tools\lib\CSR101x_A05\libgatt_lib_ram.a(patch_halradiotrim.o)
                0x00000994                ___libgatt_lib_db_4602
 .text.RAM_set_tx_power_parameters
                0x00000999       0x57 C:\CSR_uEnergy_SDK-2.2.2.13\tools\lib\CSR101x_A05\libgatt_lib_ram.a(patch_halradiotrim.o)
 .text.___libgatt_lib_db_4603
                0x000009f0        0xb C:\CSR_uEnergy_SDK-2.2.2.13\tools\lib\CSR101x_A05\libgatt_lib_ram.a(patch_halradiotrim.o)
                0x000009f0                ___libgatt_lib_db_4603
 .text.___libgatt_lib_db_4601
                0x000009fb        0xa C:\CSR_uEnergy_SDK-2.2.2.13\tools\lib\CSR101x_A05\libgatt_lib_ram.a(patch_halradiotrim.o)
                0x000009fb                ___libgatt_lib_db_4601
 .text.ram_app_init
                0x00000a05       0x32 C:\CSR_uEnergy_SDK-2.2.2.13\tools\lib\CSR101x_A05\libgatt_lib_ram.a(main_ram.o)
                0x00000a05                ram_app_init
 .text.___libgatt_lib_db_4364
                0x00000a37        0x8 C:\CSR_uEnergy_SDK-2.2.2.13\tools\lib\CSR101x_A05\libgatt_lib_ram.a(hw_patch_install.o)
                0x00000a37                ___libgatt_lib_db_4364
 .text.___libgatt_lib_db_4554
                0x00000a3f        0x7 C:\CSR_uEnergy_SDK-2.2.2.13\tools\lib\CSR101x_A05\libgatt_lib_ram.a(patch_ls_app_if.o)
                0x00000a3f                ___libgatt_lib_db_4554
 .text.patch_process_hci_event
                0x00000a46       0x29 C:\CSR_uEnergy_SDK-2.2.2.13\tools\lib\CSR101x_A05\libgatt_lib_ram.a(patch_ls_app_if.o)
 .text.___libgatt_lib_db_4559
                0x00000a6f        0xe C:\CSR_uEnergy_SDK-2.2.2.13\tools\lib\CSR101x_A05\libgatt_lib_ram.a(patch_att_install.o)
                0x00000a6f                ___libgatt_lib_db_4559
 .text.patch_att_handle_execute_write_req
                0x00000a7d       0xff C:\CSR_uEnergy_SDK-2.2.2.13\tools\lib\CSR101x_A05\libgatt_lib_ram.a(patch_att_install.o)
 .text.patch_att_handle_read_multi_req
                0x00000b7c       0xbc C:\CSR_uEnergy_SDK-2.2.2.13\tools\lib\CSR101x_A05\libgatt_lib_ram.a(patch_att_install.o)
 .text.___libgatt_lib_db_4584
                0x00000c38        0x7 C:\CSR_uEnergy_SDK-2.2.2.13\tools\lib\CSR101x_A05\libgatt_lib_ram.a(patch_george.o)
                0x00000c38                ___libgatt_lib_db_4584
 .text.___libgatt_lib_db_4544
                0x00000c3f       0x18 C:\CSR_uEnergy_SDK-2.2.2.13\tools\lib\CSR101x_A05\libgatt_lib_ram.a(patch_george.o)
                0x00000c3f                ___libgatt_lib_db_4544
 .text.ram_le_connection_timeout_A05
                0x00000c57       0x34 C:\CSR_uEnergy_SDK-2.2.2.13\tools\lib\CSR101x_A05\libgatt_lib_ram.a(patch_george.o)
 .text.___libgatt_lib_db_4581
                0x00000c8b        0x8 C:\CSR_uEnergy_SDK-2.2.2.13\tools\lib\CSR101x_A05\libgatt_lib_ram.a(patch_george.o)
                0x00000c8b                ___libgatt_lib_db_4581
 .text.rx_timing_report
                0x00000c93       0xbf C:\CSR_uEnergy_SDK-2.2.2.13\tools\lib\CSR101x_A05\libgatt_lib_ram.a(patch_george.o)
 .text.ram_le_handle_event
                0x00000d52       0xf7 C:\CSR_uEnergy_SDK-2.2.2.13\tools\lib\CSR101x_A05\libgatt_lib_ram.a(patch_george.o)
 .text.___libgatt_lib_db_4550
                0x00000e49       0x26 C:\CSR_uEnergy_SDK-2.2.2.13\tools\lib\CSR101x_A05\libgatt_lib_ram.a(patch_george.o)
                0x00000e49                ___libgatt_lib_db_4550
 .text.___libgatt_lib_db_4549
                0x00000e6f       0x2c C:\CSR_uEnergy_SDK-2.2.2.13\tools\lib\CSR101x_A05\libgatt_lib_ram.a(patch_george.o)
                0x00000e6f                ___libgatt_lib_db_4549
 .text.___libgatt_lib_db_4589
                0x00000e9b       0x11 C:\CSR_uEnergy_SDK-2.2.2.13\tools\lib\CSR101x_A05\libgatt_lib_ram.a(patch_george_ll.o)
                0x00000e9b                ___libgatt_lib_db_4589
 .text.___libgatt_lib_db_4590
                0x00000eac      0x125 C:\CSR_uEnergy_SDK-2.2.2.13\tools\lib\CSR101x_A05\libgatt_lib_ram.a(patch_george_ll.o)
                0x00000eac                ___libgatt_lib_db_4590
 .text.___libgatt_lib_db_4594
                0x00000fd1       0x1b C:\CSR_uEnergy_SDK-2.2.2.13\tools\lib\CSR101x_A05\libgatt_lib_ram.a(patch_george_adv.o)
                0x00000fd1                ___libgatt_lib_db_4594
 .text.___libgatt_lib_db_4597
                0x00000fec        0xc C:\CSR_uEnergy_SDK-2.2.2.13\tools\lib\CSR101x_A05\libgatt_lib_ram.a(hal_debugbus_state.o)
                0x00000fec                ___libgatt_lib_db_4597
 .text.___libgatt_lib_db_4596
                0x00000ff8        0xc C:\CSR_uEnergy_SDK-2.2.2.13\tools\lib\CSR101x_A05\libgatt_lib_ram.a(hal_debugbus_state.o)
                0x00000ff8                ___libgatt_lib_db_4596
 .text.___libgatt_lib_db_4609
                0x00001004       0x4b C:\CSR_uEnergy_SDK-2.2.2.13\tools\lib\CSR101x_A05\libgatt_lib_ram.a(patch_halradio.o)
                0x00001004                ___libgatt_lib_db_4609
 .text.___libgatt_lib_db_4207
                0x0000104f        0xd C:\CSR_uEnergy_SDK-2.2.2.13\tools\lib\CSR101x_A05\libgatt_lib_ram.a(patch_reset.o)
                0x0000104f                ___libgatt_lib_db_4207
 .text.___libgatt_lib_db_4611
                0x0000105c        0x5 C:\CSR_uEnergy_SDK-2.2.2.13\tools\lib\CSR101x_A05\libgatt_lib_ram.a(patch_pools.o)
                0x0000105c                ___libgatt_lib_db_4611
 .text.___libgatt_lib_db_4614
                0x00001061        0xf C:\CSR_uEnergy_SDK-2.2.2.13\tools\lib\CSR101x_A05\libgatt_lib_ram.a(patch_background_loop.o)
                0x00001061                ___libgatt_lib_db_4614
 .text.___libgatt_lib_db_4616
                0x00001070       0x15 C:\CSR_uEnergy_SDK-2.2.2.13\tools\lib\CSR101x_A05\libgatt_lib_ram.a(patch_fault.o)
                0x00001070                ___libgatt_lib_db_4616
 .text.___libgatt_lib_db_4624
                0x00001085       0x2e C:\CSR_uEnergy_SDK-2.2.2.13\tools\lib\CSR101x_A05\libgatt_lib_ram.a(patch_pmu.o)
                0x00001085                ___libgatt_lib_db_4624
 .text.___libgatt_lib_db_4214
                0x000010b3       0x74 C:\CSR_uEnergy_SDK-2.2.2.13\tools\lib\CSR101x_A05\libgatt_lib_ram.a(patch_thermometer.o)
                0x000010b3                ___libgatt_lib_db_4214
 *(.apptext)
 *(.apptext.*)
 *xap2crte.o(.text)
 *xap2crte.o(.text.*)
                0x00001127                PROG_APPCODE_END = .
                0x00003127                DATA_CONST_START = (DATA_RAM_START + .)
                0x00003127                . = DATA_CONST_START

.const
 *(CONST)
 *(CONST.*)
                0x00003127                DATA_CONST_END = .
                0x00003127                DATA_RODATA_START = .
                0x00003128                . = (. + 0x1)

.rodata         0x00003128       0x56
 *(.rodata)
 .rodata        0x00003128        0x2 depend_Debug_CSR101x_A05\app_gatt.o
 *(.rodata.*)
 .rodata.SoundBuzzer
                0x0000312a        0x5 depend_Debug_CSR101x_A05\buzzer.o
 .rodata.C.1..2502.
                0x0000312f        0x4 depend_Debug_CSR101x_A05\app_main.o
 .rodata.C.5..2298.
                0x00003133        0x3 depend_Debug_CSR101x_A05\app_gatt.o
 .rodata.tx_power_table
                0x00003136       0x28 C:\CSR_uEnergy_SDK-2.2.2.13\tools\lib\CSR101x_A05\libgatt_lib_ram.a(patch_halradiotrim.o)
                0x00003136                ___libgatt_lib_db_4608
 .rodata.ram_build_identifier_integer
                0x0000315e        0x1 C:\CSR_uEnergy_SDK-2.2.2.13\tools\lib\CSR101x_A05\libgatt_lib_ram.a(id_ram.o)
                0x0000315e                ___libgatt_lib_db_4496
 .rodata.ram_build_identifier_string
                0x0000315f       0x16 C:\CSR_uEnergy_SDK-2.2.2.13\tools\lib\CSR101x_A05\libgatt_lib_ram.a(id_ram.o)
                0x0000315f                ram_build_identifier_string
 .rodata.slut_extended
                0x00003175        0x9 C:\CSR_uEnergy_SDK-2.2.2.13\tools\lib\CSR101x_A05\libgatt_lib_ram.a(slut.o)
                0x00003175                ___libgatt_lib_db_4631
                0x0000317e                DATA_RODATA_END = .

.bss            0x0000317e       0x33
                0x0000317e                DATA_BSS_APP_START = .
 *(.bss)
 .bss           0x0000317e        0x2 C:\CSR_uEnergy_SDK-2.2.2.13\tools\lib\CSR101x_A05\libgatt_lib_ram.a(patch_sm.o)
 *(.bss.*)
 .bss.g_gap_data
                0x00003180        0x2 depend_Debug_CSR101x_A05\gap_service.o
 .bss.app_timers
                0x00003182       0x12 depend_Debug_CSR101x_A05\app_main.o
 .bss.g_hs_data
                0x00003194        0x1 depend_Debug_CSR101x_A05\hello_service.o
 .bss.tx_power_table_entry
                0x00003195        0x1 C:\CSR_uEnergy_SDK-2.2.2.13\tools\lib\CSR101x_A05\libgatt_lib_ram.a(patch_halradiotrim.o)
 .bss.patch_pending
                0x00003196        0x1 C:\CSR_uEnergy_SDK-2.2.2.13\tools\lib\CSR101x_A05\libgatt_lib_ram.a(patch_george.o)
                0x00003196                patch_pending
 .bss.patch_rx_timing_report
                0x00003197        0x1 C:\CSR_uEnergy_SDK-2.2.2.13\tools\lib\CSR101x_A05\libgatt_lib_ram.a(patch_george.o)
                0x00003197                patch_rx_timing_report
 .bss.patch_pending_mode
                0x00003198        0x1 C:\CSR_uEnergy_SDK-2.2.2.13\tools\lib\CSR101x_A05\libgatt_lib_ram.a(patch_george.o)
                0x00003198                patch_pending_mode
 .bss.patch_conn_chm_update
                0x00003199        0x1 C:\CSR_uEnergy_SDK-2.2.2.13\tools\lib\CSR101x_A05\libgatt_lib_ram.a(patch_george.o)
                0x00003199                patch_conn_chm_update
 .bss.__PATCH__ZERO_
                0x0000319a        0x1 C:\CSR_uEnergy_SDK-2.2.2.13\tools\lib\CSR101x_A05\libgatt_lib_ram.a(patch_george.o)
 .bss.__PATCH__ZERO_
                0x0000319b        0x1 C:\CSR_uEnergy_SDK-2.2.2.13\tools\lib\CSR101x_A05\libgatt_lib_ram.a(patch_thermometer.o)
 COMMON         0x0000319c        0x3 depend_Debug_CSR101x_A05\buzzer.o
                0x0000319c                g_buzz_data
 COMMON         0x0000319f        0xd depend_Debug_CSR101x_A05\app_main.o
                0x0000319f                g_app_data
 COMMON         0x000031ac        0x2 C:\CSR_uEnergy_SDK-2.2.2.13\tools\lib\CSR101x_A05\libgatt_lib_ram.a(patch_sm.o)
                0x000031ac                sm_long_term_key_ind
                0x000031ad                sm_pairing_auth_ind
 COMMON         0x000031ae        0x3 C:\CSR_uEnergy_SDK-2.2.2.13\tools\lib\CSR101x_A05\libgatt_lib_ram.a(patch_george_ll.o)
                0x000031ae                george_earliest_transmit_offset
                0x000031b1                DATA_BSS_APP_END = .
                0x00000033                BSS_APP_SIZE = (DATA_BSS_APP_END - DATA_BSS_APP_START)

.data           0x000031b1       0x71
                0x000031b1                DATA_DATA_START = .
 *(.data)
 *(.data.*)
 .data.gattDatabase
                0x000031b1       0x2e depend_Debug_CSR101x_A05\app_gatt_db.o
                0x000031b1                gattDatabase
 .data.g_device_name
                0x000031df       0x16 depend_Debug_CSR101x_A05\gap_service.o
                0x000031df                g_device_name
 .data.g_username
                0x000031f5        0xa depend_Debug_CSR101x_A05\hello_service.o
 .data.patch_table_data
                0x000031ff       0x22 C:\CSR_uEnergy_SDK-2.2.2.13\tools\lib\CSR101x_A05\libgatt_lib_ram.a(sw_patch_ram.o)
                0x000031ff                ___libgatt_lib_db_4542
 .data.pending_pdu_acks
                0x00003221        0x1 C:\CSR_uEnergy_SDK-2.2.2.13\tools\lib\CSR101x_A05\libgatt_lib_ram.a(patch_george_ll.o)
                0x00003221                ___libgatt_lib_db_4591
                0x00003222                DATA_DATA_END = .
                0x0000ef80                . = DATA_PERSIST_START

PERSIST_MEM
 *(PERSIST_MEM)
 *(PERSIST_MEM.*)
                0x0000ef80                DATA_PERSIST_MEM_END = .
                0x00009f84                . = DATA_CSTORE_START

CONFIG_STORE    0x00009f84       0x40
 *(CONFIG_STORE)
 CONFIG_STORE   0x00009f84       0x40 C:\CSR_uEnergy_SDK-2.2.2.13\tools\lib\CSR101x_A05\libgatt_lib_ram.a(CONFIG_STORE.o)
                0x00009f84                ___libgatt_lib_db_4269
 *(CONFIG_STORE.*)
                0x00009fc4                DATA_CSTORE_END = .
                0x00000040                CS_SIZE = (DATA_CSTORE_END - DATA_CSTORE_START)
                0x00009fdc                . = ((DATA_RAM_END - PRESERVE_SIZE) - SLT_SIZE)

SLT             0x00009fdc        0x4
                0x00009fdc                SLT_START = .
 *(SLT)
 SLT            0x00009fdc        0x4 C:\CSR_uEnergy_SDK-2.2.2.13\tools\lib\CSR101x_A05\libgatt_lib_ram.a(slut.o)
                0x00009fdc                slut
 *(SLT.*)

.preserved      0x00009fe0        0x0
                0x00009fe0                PRESERVED_START = .
 *(PRES_DATA)
 *(PRES_DATA.*)
                0x00009f84                STACK_END = DATA_CSTORE_START
                0x00009c84                . = ((STACK_END - ISTACK_SIZE) - USTACK_SIZE)

.stack          0x00009c84      0x300
                0x00009c84                STACK_START = .
                0x00009c84                USTACK_START = .
                0x00009e84                USTACK_END = (USTACK_START + USTACK_SIZE)
 *(USTACK)
 *(USTACK.*)
                0x00009e84                . = USTACK_END
 *fill*         0x00009c84      0x400 00
                0x00009e84                ISTACK_START = .
                0x00009f84                ISTACK_END = (ISTACK_START + ISTACK_SIZE)
 *(ISTACK)
 *(ISTACK.*)
                0x00009f84                . = ISTACK_END
 *fill*         0x00009e84      0x200 00
                0x00009c84                ALIGNED_DATA_END = STACK_START
                0x00009950                . = (((ALIGNED_DATA_END - RADIODATA_SIZE) - WHITELIST_SIZE) - RADIOBUFS_SIZE)

.aligned_data   0x00009950      0x334
                0x00009950                ALIGNED_DATA_START = .
                0x00009950                DATA_RADIOBUFS_START = .
 *(RADINITTBL)
                0x00009b00                . = (ALIGNED_DATA_START + RADIOBUFS_SIZE)
 *fill*         0x00009950      0x360 00
                0x00009b00                DATA_WHITELIST_START = .
                0x00009b20                . = (DATA_WHITELIST_START + WHITELIST_SIZE)
 *fill*         0x00009b00       0x40 00
 *(.romradiodata)
 .romradiodata  0x00009b20      0x164 C:\CSR_uEnergy_SDK-2.2.2.13\tools\lib\CSR101x_A05\libgatt_lib_ram.a(.romradiodata.o)
                0x00009b20                DATA_TIMERSTRUCT_START
                0x00009b80                ___libgatt_lib_db_4171
                0x00009b20                ___libgatt_lib_db_4173
                0x00009b80                DATA_RCLUTS_START
                0x00009c84                ALIGN_END_ACTUAL = .
                0x00000001                ASSERT ((DATA_APPDATA_END > DATA_DATA_END), RAM DATA exceeds limit.)
LOAD c:/csr_uenergy_sdk-2.2.2.13/tools/bin/../lib/gcc/xap-local-xap/4.3.4\libgcc.a
OUTPUT(depend_Debug_CSR101x_A05\hello_server.elf elf32-xap2)

.debug_abbrev   0x00000000      0x3fe
 .debug_abbrev  0x00000000       0x46 depend_Debug_CSR101x_A05\app_gatt_db.o
 .debug_abbrev  0x0000008b       0x63 depend_Debug_CSR101x_A05\app_hw.o
 .debug_abbrev  0x00000150       0x82 depend_Debug_CSR101x_A05\buzzer.o
 .debug_abbrev  0x00000254       0xa5 depend_Debug_CSR101x_A05\gap_service.o
 .debug_abbrev  0x0000039e       0xfd depend_Debug_CSR101x_A05\app_main.o
 .debug_abbrev  0x00000597       0x9b depend_Debug_CSR101x_A05\app_gatt.o
 .debug_abbrev  0x000006cd       0x97 depend_Debug_CSR101x_A05\hello_service.o

.debug_info     0x00000000     0x2cc3
 .debug_info    0x00000000       0x5f depend_Debug_CSR101x_A05\app_gatt_db.o
 .debug_info    0x000000bd      0x121 depend_Debug_CSR101x_A05\app_hw.o
 .debug_info    0x000002fe      0x144 depend_Debug_CSR101x_A05\buzzer.o
 .debug_info    0x00000586      0x603 depend_Debug_CSR101x_A05\gap_service.o
 .debug_info    0x0000118c     0x15ed depend_Debug_CSR101x_A05\app_main.o
 .debug_info    0x00003d66      0x829 depend_Debug_CSR101x_A05\app_gatt.o
 .debug_info    0x00004db7      0x5e8 depend_Debug_CSR101x_A05\hello_service.o

.debug_line     0x00000000      0x991
 .debug_line    0x00000000       0x5b depend_Debug_CSR101x_A05\app_gatt_db.o
 .debug_line    0x000000b6       0x92 depend_Debug_CSR101x_A05\app_hw.o
 .debug_line    0x000001da      0x13d depend_Debug_CSR101x_A05\buzzer.o
 .debug_line    0x00000453       0xcd depend_Debug_CSR101x_A05\gap_service.o
 .debug_line    0x000005ec      0x3ed depend_Debug_CSR101x_A05\app_main.o
 .debug_line    0x00000dc5      0x201 depend_Debug_CSR101x_A05\app_gatt.o
 .debug_line    0x000011c7       0xae depend_Debug_CSR101x_A05\hello_service.o

.debug_frame    0x00000000      0x234
 .debug_frame   0x00000000       0x14 depend_Debug_CSR101x_A05\app_gatt_db.o
 .debug_frame   0x00000028       0x20 depend_Debug_CSR101x_A05\app_hw.o
 .debug_frame   0x00000068       0x2c depend_Debug_CSR101x_A05\buzzer.o
 .debug_frame   0x000000c0       0x38 depend_Debug_CSR101x_A05\gap_service.o
 .debug_frame   0x00000130      0x110 depend_Debug_CSR101x_A05\app_main.o
 .debug_frame   0x00000350       0x5c depend_Debug_CSR101x_A05\app_gatt.o
 .debug_frame   0x00000408       0x30 depend_Debug_CSR101x_A05\hello_service.o

.debug_loc      0x00000000      0x25d
 .debug_loc     0x00000000       0x10 depend_Debug_CSR101x_A05\app_gatt_db.o
 .debug_loc     0x0000001f       0x1f depend_Debug_CSR101x_A05\app_hw.o
 .debug_loc     0x0000005d       0x2f depend_Debug_CSR101x_A05\buzzer.o
 .debug_loc     0x000000ba       0x3e depend_Debug_CSR101x_A05\gap_service.o
 .debug_loc     0x00000136      0x136 depend_Debug_CSR101x_A05\app_main.o
 .debug_loc     0x000003a2       0x6d depend_Debug_CSR101x_A05\app_gatt.o
 .debug_loc     0x0000047b       0x1f depend_Debug_CSR101x_A05\hello_service.o

.debug_pubnames
                0x00000000      0x19f
 .debug_pubnames
                0x00000000       0x1c depend_Debug_CSR101x_A05\app_gatt_db.o
 .debug_pubnames
                0x00000037       0x20 depend_Debug_CSR101x_A05\app_hw.o
 .debug_pubnames
                0x00000077       0x25 depend_Debug_CSR101x_A05\buzzer.o
 .debug_pubnames
                0x000000c0       0x3e depend_Debug_CSR101x_A05\gap_service.o
 .debug_pubnames
                0x0000013c       0x76 depend_Debug_CSR101x_A05\app_main.o
 .debug_pubnames
                0x00000227       0x46 depend_Debug_CSR101x_A05\app_gatt.o
 .debug_pubnames
                0x000002b3       0x46 depend_Debug_CSR101x_A05\hello_service.o

.debug_aranges  0x00000000      0x104
 .debug_aranges
                0x00000000       0x10 depend_Debug_CSR101x_A05\app_gatt_db.o
 .debug_aranges
                0x00000020       0x14 depend_Debug_CSR101x_A05\app_hw.o
 .debug_aranges
                0x00000048       0x18 depend_Debug_CSR101x_A05\buzzer.o
 .debug_aranges
                0x00000078       0x1c depend_Debug_CSR101x_A05\gap_service.o
 .debug_aranges
                0x000000b0       0x68 depend_Debug_CSR101x_A05\app_main.o
 .debug_aranges
                0x00000180       0x28 depend_Debug_CSR101x_A05\app_gatt.o
 .debug_aranges
                0x000001d0       0x1c depend_Debug_CSR101x_A05\hello_service.o

.debug_ranges   0x00000000       0xe8
 .debug_ranges  0x00000000        0xc depend_Debug_CSR101x_A05\app_gatt_db.o
 .debug_ranges  0x00000018       0x10 depend_Debug_CSR101x_A05\app_hw.o
 .debug_ranges  0x00000038       0x14 depend_Debug_CSR101x_A05\buzzer.o
 .debug_ranges  0x00000060       0x18 depend_Debug_CSR101x_A05\gap_service.o
 .debug_ranges  0x00000090       0x64 depend_Debug_CSR101x_A05\app_main.o
 .debug_ranges  0x00000158       0x24 depend_Debug_CSR101x_A05\app_gatt.o
 .debug_ranges  0x000001a0       0x18 depend_Debug_CSR101x_A05\hello_service.o

.debug_str      0x00000000     0x265c
 .debug_str     0x00000000       0x9d depend_Debug_CSR101x_A05\app_gatt_db.o
                                 0xaa (size before relaxing)
 .debug_str     0x0000013a      0x247 depend_Debug_CSR101x_A05\app_hw.o
                                0x2cb (size before relaxing)
 .debug_str     0x000005c7       0xfe depend_Debug_CSR101x_A05\buzzer.o
                                0x2b7 (size before relaxing)
 .debug_str     0x000007c3     0x11c7 depend_Debug_CSR101x_A05\gap_service.o
                               0x1267 (size before relaxing)
 .debug_str     0x00002b50      0xd86 depend_Debug_CSR101x_A05\app_main.o
                               0x20c1 (size before relaxing)
 .debug_str     0x0000465c      0x2d7 depend_Debug_CSR101x_A05\app_gatt.o
                               0x1895 (size before relaxing)
 .debug_str     0x00004c0a       0x57 depend_Debug_CSR101x_A05\hello_service.o
                               0x1273 (size before relaxing)

.comment        0x00000000      0x30c
 .comment       0x00000000       0x1a depend_Debug_CSR101x_A05\app_gatt_db.o
 .comment       0x0000001a       0x1a depend_Debug_CSR101x_A05\app_hw.o
 .comment       0x00000034       0x1a depend_Debug_CSR101x_A05\buzzer.o
 .comment       0x0000004e       0x1a depend_Debug_CSR101x_A05\gap_service.o
 .comment       0x00000068       0x1a depend_Debug_CSR101x_A05\app_main.o
 .comment       0x00000082       0x1a depend_Debug_CSR101x_A05\app_gatt.o
 .comment       0x0000009c       0x1a depend_Debug_CSR101x_A05\hello_service.o
 .comment       0x000000b6       0x1a C:\CSR_uEnergy_SDK-2.2.2.13\tools\lib\CSR101x_A05\libgatt_lib_ram.a(ls_app_if_ram.o)
 .comment       0x000000d0       0x1a C:\CSR_uEnergy_SDK-2.2.2.13\tools\lib\CSR101x_A05\libgatt_lib_ram.a(gatt_ram.o)
 .comment       0x000000ea       0x1a C:\CSR_uEnergy_SDK-2.2.2.13\tools\lib\CSR101x_A05\libgatt_lib_ram.a(sm_ram.o)
 .comment       0x00000104       0x1a C:\CSR_uEnergy_SDK-2.2.2.13\tools\lib\CSR101x_A05\libgatt_lib_ram.a(patch_sm.o)
 .comment       0x0000011e       0x1a C:\CSR_uEnergy_SDK-2.2.2.13\tools\lib\CSR101x_A05\libgatt_lib_ram.a(patch_halradiotrim.o)
 .comment       0x00000138       0x1a C:\CSR_uEnergy_SDK-2.2.2.13\tools\lib\CSR101x_A05\libgatt_lib_ram.a(main_ram.o)
 .comment       0x00000152       0x1a C:\CSR_uEnergy_SDK-2.2.2.13\tools\lib\CSR101x_A05\libgatt_lib_ram.a(hw_patch_install.o)
 .comment       0x0000016c       0x1a C:\CSR_uEnergy_SDK-2.2.2.13\tools\lib\CSR101x_A05\libgatt_lib_ram.a(id_ram.o)
 .comment       0x00000186       0x1a C:\CSR_uEnergy_SDK-2.2.2.13\tools\lib\CSR101x_A05\libgatt_lib_ram.a(slut.o)
 .comment       0x000001a0       0x1a C:\CSR_uEnergy_SDK-2.2.2.13\tools\lib\CSR101x_A05\libgatt_lib_ram.a(sw_patch_ram.o)
 .comment       0x000001ba       0x1a C:\CSR_uEnergy_SDK-2.2.2.13\tools\lib\CSR101x_A05\libgatt_lib_ram.a(patch_ls_app_if.o)
 .comment       0x000001d4       0x1a C:\CSR_uEnergy_SDK-2.2.2.13\tools\lib\CSR101x_A05\libgatt_lib_ram.a(patch_att_install.o)
 .comment       0x000001ee       0x1a C:\CSR_uEnergy_SDK-2.2.2.13\tools\lib\CSR101x_A05\libgatt_lib_ram.a(patch_george.o)
 .comment       0x00000208       0x1a C:\CSR_uEnergy_SDK-2.2.2.13\tools\lib\CSR101x_A05\libgatt_lib_ram.a(patch_george_ll.o)
 .comment       0x00000222       0x1a C:\CSR_uEnergy_SDK-2.2.2.13\tools\lib\CSR101x_A05\libgatt_lib_ram.a(patch_george_adv.o)
 .comment       0x0000023c       0x1a C:\CSR_uEnergy_SDK-2.2.2.13\tools\lib\CSR101x_A05\libgatt_lib_ram.a(hal_debugbus_state.o)
 .comment       0x00000256       0x1a C:\CSR_uEnergy_SDK-2.2.2.13\tools\lib\CSR101x_A05\libgatt_lib_ram.a(patch_halradio.o)
 .comment       0x00000270       0x1a C:\CSR_uEnergy_SDK-2.2.2.13\tools\lib\CSR101x_A05\libgatt_lib_ram.a(patch_reset.o)
 .comment       0x0000028a       0x1a C:\CSR_uEnergy_SDK-2.2.2.13\tools\lib\CSR101x_A05\libgatt_lib_ram.a(patch_pools.o)
 .comment       0x000002a4       0x1a C:\CSR_uEnergy_SDK-2.2.2.13\tools\lib\CSR101x_A05\libgatt_lib_ram.a(patch_background_loop.o)
 .comment       0x000002be       0x1a C:\CSR_uEnergy_SDK-2.2.2.13\tools\lib\CSR101x_A05\libgatt_lib_ram.a(patch_fault.o)
 .comment       0x000002d8       0x1a C:\CSR_uEnergy_SDK-2.2.2.13\tools\lib\CSR101x_A05\libgatt_lib_ram.a(patch_pmu.o)
 .comment       0x000002f2       0x1a C:\CSR_uEnergy_SDK-2.2.2.13\tools\lib\CSR101x_A05\libgatt_lib_ram.a(patch_thermometer.o)
